11-Apr-2025 21:35:37.265 INFO [main] org.apache.catalina.startup.VersionLoggerListener.log Nombre de la versión del servidor: Apache Tomcat/9.0.98
11-Apr-2025 21:35:37.271 INFO [main] org.apache.catalina.startup.VersionLoggerListener.log Server built:                      Dec 5 2024 19:50:29 UTC
11-Apr-2025 21:35:37.271 INFO [main] org.apache.catalina.startup.VersionLoggerListener.log Número de versión de servidor:     9.0.98.0
11-Apr-2025 21:35:37.272 INFO [main] org.apache.catalina.startup.VersionLoggerListener.log OS Name:                           Windows 11
11-Apr-2025 21:35:37.272 INFO [main] org.apache.catalina.startup.VersionLoggerListener.log Versión de Systema Operativo:      10.0
11-Apr-2025 21:35:37.272 INFO [main] org.apache.catalina.startup.VersionLoggerListener.log Arquitectura:                      amd64
11-Apr-2025 21:35:37.272 INFO [main] org.apache.catalina.startup.VersionLoggerListener.log Java Home:                         C:\Program Files\Java\jdk-21
11-Apr-2025 21:35:37.273 INFO [main] org.apache.catalina.startup.VersionLoggerListener.log JVM Version:                       21.0.5+9-LTS-239
11-Apr-2025 21:35:37.273 INFO [main] org.apache.catalina.startup.VersionLoggerListener.log Vededor JVM:                       Oracle Corporation
11-Apr-2025 21:35:37.273 INFO [main] org.apache.catalina.startup.VersionLoggerListener.log CATALINA_BASE:                     C:\Program Files\apache-tomcat-9.0.98
11-Apr-2025 21:35:37.273 INFO [main] org.apache.catalina.startup.VersionLoggerListener.log CATALINA_HOME:                     C:\Program Files\apache-tomcat-9.0.98
11-Apr-2025 21:35:37.285 INFO [main] org.apache.catalina.startup.VersionLoggerListener.log Command line argument:             --add-opens=java.base/java.lang=ALL-UNNAMED
11-Apr-2025 21:35:37.285 INFO [main] org.apache.catalina.startup.VersionLoggerListener.log Command line argument:             --add-opens=java.base/java.io=ALL-UNNAMED
11-Apr-2025 21:35:37.285 INFO [main] org.apache.catalina.startup.VersionLoggerListener.log Command line argument:             --add-opens=java.base/java.util=ALL-UNNAMED
11-Apr-2025 21:35:37.286 INFO [main] org.apache.catalina.startup.VersionLoggerListener.log Command line argument:             --add-opens=java.base/java.util.concurrent=ALL-UNNAMED
11-Apr-2025 21:35:37.286 INFO [main] org.apache.catalina.startup.VersionLoggerListener.log Command line argument:             --add-opens=java.rmi/sun.rmi.transport=ALL-UNNAMED
11-Apr-2025 21:35:37.286 INFO [main] org.apache.catalina.startup.VersionLoggerListener.log Command line argument:             -Djava.util.logging.config.file=C:\Program Files\apache-tomcat-9.0.98\conf\logging.properties
11-Apr-2025 21:35:37.287 INFO [main] org.apache.catalina.startup.VersionLoggerListener.log Command line argument:             -Djava.util.logging.manager=org.apache.juli.ClassLoaderLogManager
11-Apr-2025 21:35:37.287 INFO [main] org.apache.catalina.startup.VersionLoggerListener.log Command line argument:             -Djdk.tls.ephemeralDHKeySize=2048
11-Apr-2025 21:35:37.287 INFO [main] org.apache.catalina.startup.VersionLoggerListener.log Command line argument:             -Djava.protocol.handler.pkgs=org.apache.catalina.webresources
11-Apr-2025 21:35:37.287 INFO [main] org.apache.catalina.startup.VersionLoggerListener.log Command line argument:             -Dignore.endorsed.dirs=
11-Apr-2025 21:35:37.288 INFO [main] org.apache.catalina.startup.VersionLoggerListener.log Command line argument:             -Dcatalina.base=C:\Program Files\apache-tomcat-9.0.98
11-Apr-2025 21:35:37.288 INFO [main] org.apache.catalina.startup.VersionLoggerListener.log Command line argument:             -Dcatalina.home=C:\Program Files\apache-tomcat-9.0.98
11-Apr-2025 21:35:37.289 INFO [main] org.apache.catalina.startup.VersionLoggerListener.log Command line argument:             -Djava.io.tmpdir=C:\Program Files\apache-tomcat-9.0.98\temp
11-Apr-2025 21:35:37.294 INFO [main] org.apache.catalina.core.AprLifecycleListener.lifecycleEvent Cargada la biblioteca nativa APR de Apache Tomcat [1.3.1] con la versión APR [1.7.4].
11-Apr-2025 21:35:37.294 INFO [main] org.apache.catalina.core.AprLifecycleListener.lifecycleEvent Capacidades APR: IPv6 [true], enviar fichero [true], aceptar filtros [false], aleatorio [true], UDS [true].
11-Apr-2025 21:35:37.294 INFO [main] org.apache.catalina.core.AprLifecycleListener.lifecycleEvent APR/OpenSSL configuration: useAprConnector [false], useOpenSSL [true]
11-Apr-2025 21:35:37.302 INFO [main] org.apache.catalina.core.AprLifecycleListener.initializeSSL OpenSSL inicializado correctamente [OpenSSL 3.0.14 4 Jun 2024]
11-Apr-2025 21:35:37.855 INFO [main] org.apache.coyote.AbstractProtocol.init Inicializando el manejador de protocolo ["https-openssl-nio-8080"]

11-Apr-2025 21:35:38.284 INFO [main] org.apache.tomcat.util.net.AbstractEndpoint.logCertificate Connector [https-openssl-nio-8080], TLS virtual host [_default_], certificate type [UNDEFINED] configured from keystore [C:\Users\Cris-SX\Desktop\UA\TFG\CERTIFICADOS\server.keystore] using alias [tomcat] with trust store [null]
11-Apr-2025 21:35:38.297 INFO [main] org.apache.catalina.startup.Catalina.load Server initialization in [1395] milliseconds
11-Apr-2025 21:35:38.414 INFO [main] org.apache.catalina.core.StandardService.startInternal Arrancando servicio [Catalina]
11-Apr-2025 21:35:38.415 INFO [main] org.apache.catalina.core.StandardEngine.startInternal Starting Servlet engine: [Apache Tomcat/9.0.98]
11-Apr-2025 21:35:38.449 INFO [main] org.apache.catalina.startup.HostConfig.deployWAR Despliegue del archivo [C:\Program Files\apache-tomcat-9.0.98\webapps\vital-sanity#afirma-server-triphase-signer.war] de la aplicación web
11-Apr-2025 21:35:40.776 INFO [main] org.apache.jasper.servlet.TldScanner.scanJars Al menos un JAR, que se ha explorado buscando TLDs, aún no contenía TLDs. Activar historial de depuración para este historiador para una completa lista de los JARs que fueron explorados y de los que nos se halló TLDs. Saltarse JARs no necesarios durante la exploración puede dar lugar a una mejora de tiempo significativa en el arranque y compilación de JSP .
11-Apr-2025 21:35:40.844 INFO [main] org.apache.catalina.startup.HostConfig.deployWAR Deployment of web application archive [C:\Program Files\apache-tomcat-9.0.98\webapps\vital-sanity#afirma-server-triphase-signer.war] has finished in [2.391] ms
11-Apr-2025 21:35:40.847 INFO [main] org.apache.catalina.startup.HostConfig.deployWAR Despliegue del archivo [C:\Program Files\apache-tomcat-9.0.98\webapps\vital-sanity#afirma-signature-retriever.war] de la aplicación web
11-Apr-2025 21:35:40.915 INFO [main] org.apache.catalina.startup.HostConfig.deployWAR Deployment of web application archive [C:\Program Files\apache-tomcat-9.0.98\webapps\vital-sanity#afirma-signature-retriever.war] has finished in [68] ms
11-Apr-2025 21:35:40.918 INFO [main] org.apache.catalina.startup.HostConfig.deployWAR Despliegue del archivo [C:\Program Files\apache-tomcat-9.0.98\webapps\vital-sanity#afirma-signature-storage.war] de la aplicación web
11-Apr-2025 21:35:40.991 INFO [main] org.apache.catalina.startup.HostConfig.deployWAR Deployment of web application archive [C:\Program Files\apache-tomcat-9.0.98\webapps\vital-sanity#afirma-signature-storage.war] has finished in [73] ms
11-Apr-2025 21:35:40.993 INFO [main] org.apache.catalina.startup.HostConfig.deployDirectory Desplegando el directorio [C:\Program Files\apache-tomcat-9.0.98\webapps\afirma-signature-retriever] de la aplicación web
11-Apr-2025 21:35:41.096 INFO [main] org.apache.catalina.startup.HostConfig.deployDirectory Deployment of web application directory [C:\Program Files\apache-tomcat-9.0.98\webapps\afirma-signature-retriever] has finished in [104] ms
11-Apr-2025 21:35:41.097 INFO [main] org.apache.catalina.startup.HostConfig.deployDirectory Desplegando el directorio [C:\Program Files\apache-tomcat-9.0.98\webapps\afirma-signature-storage] de la aplicación web
11-Apr-2025 21:35:41.174 INFO [main] org.apache.catalina.startup.HostConfig.deployDirectory Deployment of web application directory [C:\Program Files\apache-tomcat-9.0.98\webapps\afirma-signature-storage] has finished in [77] ms
11-Apr-2025 21:35:41.175 INFO [main] org.apache.catalina.startup.HostConfig.deployDirectory Desplegando el directorio [C:\Program Files\apache-tomcat-9.0.98\webapps\docs] de la aplicación web
11-Apr-2025 21:35:41.220 INFO [main] org.apache.catalina.startup.HostConfig.deployDirectory Deployment of web application directory [C:\Program Files\apache-tomcat-9.0.98\webapps\docs] has finished in [44] ms
11-Apr-2025 21:35:41.220 INFO [main] org.apache.catalina.startup.HostConfig.deployDirectory Desplegando el directorio [C:\Program Files\apache-tomcat-9.0.98\webapps\examples] de la aplicación web
11-Apr-2025 21:35:42.003 INFO [main] org.apache.catalina.startup.HostConfig.deployDirectory Deployment of web application directory [C:\Program Files\apache-tomcat-9.0.98\webapps\examples] has finished in [783] ms
11-Apr-2025 21:35:42.037 INFO [main] org.apache.catalina.startup.HostConfig.deployDirectory Desplegando el directorio [C:\Program Files\apache-tomcat-9.0.98\webapps\host-manager] de la aplicación web
11-Apr-2025 21:35:42.110 INFO [main] org.apache.catalina.startup.HostConfig.deployDirectory Deployment of web application directory [C:\Program Files\apache-tomcat-9.0.98\webapps\host-manager] has finished in [72] ms
11-Apr-2025 21:35:42.111 INFO [main] org.apache.catalina.startup.HostConfig.deployDirectory Desplegando el directorio [C:\Program Files\apache-tomcat-9.0.98\webapps\manager] de la aplicación web
11-Apr-2025 21:35:42.191 INFO [main] org.apache.catalina.startup.HostConfig.deployDirectory Deployment of web application directory [C:\Program Files\apache-tomcat-9.0.98\webapps\manager] has finished in [80] ms
11-Apr-2025 21:35:42.192 INFO [main] org.apache.catalina.startup.HostConfig.deployDirectory Desplegando el directorio [C:\Program Files\apache-tomcat-9.0.98\webapps\ROOT] de la aplicación web
11-Apr-2025 21:35:42.247 INFO [main] org.apache.catalina.startup.HostConfig.deployDirectory Deployment of web application directory [C:\Program Files\apache-tomcat-9.0.98\webapps\ROOT] has finished in [55] ms
11-Apr-2025 21:35:42.254 INFO [main] org.apache.coyote.AbstractProtocol.start Starting ProtocolHandler ["https-openssl-nio-8080"]
11-Apr-2025 21:35:42.292 INFO [main] org.apache.catalina.startup.Catalina.start Server startup in [3993] milliseconds
11-Apr-2025 21:48:15.076 INFO [main] org.apache.catalina.startup.VersionLoggerListener.log Nombre de la versión del servidor: Apache Tomcat/9.0.98
11-Apr-2025 21:48:15.080 INFO [main] org.apache.catalina.startup.VersionLoggerListener.log Server built:                      Dec 5 2024 19:50:29 UTC
11-Apr-2025 21:48:15.080 INFO [main] org.apache.catalina.startup.VersionLoggerListener.log Número de versión de servidor:     9.0.98.0
11-Apr-2025 21:48:15.080 INFO [main] org.apache.catalina.startup.VersionLoggerListener.log OS Name:                           Windows 11
11-Apr-2025 21:48:15.081 INFO [main] org.apache.catalina.startup.VersionLoggerListener.log Versión de Systema Operativo:      10.0
11-Apr-2025 21:48:15.081 INFO [main] org.apache.catalina.startup.VersionLoggerListener.log Arquitectura:                      amd64
11-Apr-2025 21:48:15.081 INFO [main] org.apache.catalina.startup.VersionLoggerListener.log Java Home:                         C:\Program Files\Java\jdk-21
11-Apr-2025 21:48:15.081 INFO [main] org.apache.catalina.startup.VersionLoggerListener.log JVM Version:                       21.0.5+9-LTS-239
11-Apr-2025 21:48:15.082 INFO [main] org.apache.catalina.startup.VersionLoggerListener.log Vededor JVM:                       Oracle Corporation
11-Apr-2025 21:48:15.082 INFO [main] org.apache.catalina.startup.VersionLoggerListener.log CATALINA_BASE:                     C:\Program Files\apache-tomcat-9.0.98
11-Apr-2025 21:48:15.082 INFO [main] org.apache.catalina.startup.VersionLoggerListener.log CATALINA_HOME:                     C:\Program Files\apache-tomcat-9.0.98
11-Apr-2025 21:48:15.096 INFO [main] org.apache.catalina.startup.VersionLoggerListener.log Command line argument:             --add-opens=java.base/java.lang=ALL-UNNAMED
11-Apr-2025 21:48:15.096 INFO [main] org.apache.catalina.startup.VersionLoggerListener.log Command line argument:             --add-opens=java.base/java.io=ALL-UNNAMED
11-Apr-2025 21:48:15.096 INFO [main] org.apache.catalina.startup.VersionLoggerListener.log Command line argument:             --add-opens=java.base/java.util=ALL-UNNAMED
11-Apr-2025 21:48:15.096 INFO [main] org.apache.catalina.startup.VersionLoggerListener.log Command line argument:             --add-opens=java.base/java.util.concurrent=ALL-UNNAMED
11-Apr-2025 21:48:15.097 INFO [main] org.apache.catalina.startup.VersionLoggerListener.log Command line argument:             --add-opens=java.rmi/sun.rmi.transport=ALL-UNNAMED
11-Apr-2025 21:48:15.097 INFO [main] org.apache.catalina.startup.VersionLoggerListener.log Command line argument:             -Djava.util.logging.config.file=C:\Program Files\apache-tomcat-9.0.98\conf\logging.properties
11-Apr-2025 21:48:15.097 INFO [main] org.apache.catalina.startup.VersionLoggerListener.log Command line argument:             -Djava.util.logging.manager=org.apache.juli.ClassLoaderLogManager
11-Apr-2025 21:48:15.097 INFO [main] org.apache.catalina.startup.VersionLoggerListener.log Command line argument:             -Djdk.tls.ephemeralDHKeySize=2048
11-Apr-2025 21:48:15.098 INFO [main] org.apache.catalina.startup.VersionLoggerListener.log Command line argument:             -Djava.protocol.handler.pkgs=org.apache.catalina.webresources
11-Apr-2025 21:48:15.098 INFO [main] org.apache.catalina.startup.VersionLoggerListener.log Command line argument:             -Dignore.endorsed.dirs=
11-Apr-2025 21:48:15.098 INFO [main] org.apache.catalina.startup.VersionLoggerListener.log Command line argument:             -Dcatalina.base=C:\Program Files\apache-tomcat-9.0.98
11-Apr-2025 21:48:15.099 INFO [main] org.apache.catalina.startup.VersionLoggerListener.log Command line argument:             -Dcatalina.home=C:\Program Files\apache-tomcat-9.0.98
11-Apr-2025 21:48:15.099 INFO [main] org.apache.catalina.startup.VersionLoggerListener.log Command line argument:             -Djava.io.tmpdir=C:\Program Files\apache-tomcat-9.0.98\temp
11-Apr-2025 21:48:15.103 INFO [main] org.apache.catalina.core.AprLifecycleListener.lifecycleEvent Cargada la biblioteca nativa APR de Apache Tomcat [1.3.1] con la versión APR [1.7.4].
11-Apr-2025 21:48:15.104 INFO [main] org.apache.catalina.core.AprLifecycleListener.lifecycleEvent Capacidades APR: IPv6 [true], enviar fichero [true], aceptar filtros [false], aleatorio [true], UDS [true].
11-Apr-2025 21:48:15.104 INFO [main] org.apache.catalina.core.AprLifecycleListener.lifecycleEvent APR/OpenSSL configuration: useAprConnector [false], useOpenSSL [true]
11-Apr-2025 21:48:15.114 INFO [main] org.apache.catalina.core.AprLifecycleListener.initializeSSL OpenSSL inicializado correctamente [OpenSSL 3.0.14 4 Jun 2024]
11-Apr-2025 21:48:15.575 INFO [main] org.apache.coyote.AbstractProtocol.init Inicializando el manejador de protocolo ["https-openssl-nio-8080"]

11-Apr-2025 21:48:16.033 INFO [main] org.apache.tomcat.util.net.AbstractEndpoint.logCertificate Connector [https-openssl-nio-8080], TLS virtual host [_default_], certificate type [UNDEFINED] configured from keystore [C:\Users\Cris-SX\Desktop\UA\TFG\CERTIFICADOS\server.keystore] using alias [tomcat] with trust store [null]
11-Apr-2025 21:48:16.049 INFO [main] org.apache.catalina.startup.Catalina.load Server initialization in [1269] milliseconds
11-Apr-2025 21:48:16.158 INFO [main] org.apache.catalina.core.StandardService.startInternal Arrancando servicio [Catalina]
11-Apr-2025 21:48:16.158 INFO [main] org.apache.catalina.core.StandardEngine.startInternal Starting Servlet engine: [Apache Tomcat/9.0.98]
11-Apr-2025 21:48:16.183 INFO [main] org.apache.catalina.startup.HostConfig.deployWAR Despliegue del archivo [C:\Program Files\apache-tomcat-9.0.98\webapps\vital-sanity#afirma-server-triphase-signer.war] de la aplicación web
11-Apr-2025 21:48:18.185 INFO [main] org.apache.jasper.servlet.TldScanner.scanJars Al menos un JAR, que se ha explorado buscando TLDs, aún no contenía TLDs. Activar historial de depuración para este historiador para una completa lista de los JARs que fueron explorados y de los que nos se halló TLDs. Saltarse JARs no necesarios durante la exploración puede dar lugar a una mejora de tiempo significativa en el arranque y compilación de JSP .
11-Apr-2025 21:48:18.253 INFO [main] org.apache.catalina.startup.HostConfig.deployWAR Deployment of web application archive [C:\Program Files\apache-tomcat-9.0.98\webapps\vital-sanity#afirma-server-triphase-signer.war] has finished in [2.065] ms
11-Apr-2025 21:48:18.254 INFO [main] org.apache.catalina.startup.HostConfig.deployWAR Despliegue del archivo [C:\Program Files\apache-tomcat-9.0.98\webapps\vital-sanity#afirma-signature-retriever.war] de la aplicación web
11-Apr-2025 21:48:18.324 INFO [main] org.apache.catalina.startup.HostConfig.deployWAR Deployment of web application archive [C:\Program Files\apache-tomcat-9.0.98\webapps\vital-sanity#afirma-signature-retriever.war] has finished in [70] ms
11-Apr-2025 21:48:18.326 INFO [main] org.apache.catalina.startup.HostConfig.deployWAR Despliegue del archivo [C:\Program Files\apache-tomcat-9.0.98\webapps\vital-sanity#afirma-signature-storage.war] de la aplicación web
11-Apr-2025 21:48:18.405 INFO [main] org.apache.catalina.startup.HostConfig.deployWAR Deployment of web application archive [C:\Program Files\apache-tomcat-9.0.98\webapps\vital-sanity#afirma-signature-storage.war] has finished in [79] ms
11-Apr-2025 21:48:18.407 INFO [main] org.apache.catalina.startup.HostConfig.deployDirectory Desplegando el directorio [C:\Program Files\apache-tomcat-9.0.98\webapps\afirma-signature-retriever] de la aplicación web
11-Apr-2025 21:48:18.494 INFO [main] org.apache.catalina.startup.HostConfig.deployDirectory Deployment of web application directory [C:\Program Files\apache-tomcat-9.0.98\webapps\afirma-signature-retriever] has finished in [87] ms
11-Apr-2025 21:48:18.495 INFO [main] org.apache.catalina.startup.HostConfig.deployDirectory Desplegando el directorio [C:\Program Files\apache-tomcat-9.0.98\webapps\afirma-signature-storage] de la aplicación web
11-Apr-2025 21:48:18.562 INFO [main] org.apache.catalina.startup.HostConfig.deployDirectory Deployment of web application directory [C:\Program Files\apache-tomcat-9.0.98\webapps\afirma-signature-storage] has finished in [67] ms
11-Apr-2025 21:48:18.563 INFO [main] org.apache.catalina.startup.HostConfig.deployDirectory Desplegando el directorio [C:\Program Files\apache-tomcat-9.0.98\webapps\docs] de la aplicación web
11-Apr-2025 21:48:18.606 INFO [main] org.apache.catalina.startup.HostConfig.deployDirectory Deployment of web application directory [C:\Program Files\apache-tomcat-9.0.98\webapps\docs] has finished in [43] ms
11-Apr-2025 21:48:18.607 INFO [main] org.apache.catalina.startup.HostConfig.deployDirectory Desplegando el directorio [C:\Program Files\apache-tomcat-9.0.98\webapps\examples] de la aplicación web
11-Apr-2025 21:48:19.134 INFO [main] org.apache.catalina.startup.HostConfig.deployDirectory Deployment of web application directory [C:\Program Files\apache-tomcat-9.0.98\webapps\examples] has finished in [527] ms
11-Apr-2025 21:48:19.134 INFO [main] org.apache.catalina.startup.HostConfig.deployDirectory Desplegando el directorio [C:\Program Files\apache-tomcat-9.0.98\webapps\host-manager] de la aplicación web
11-Apr-2025 21:48:19.193 INFO [main] org.apache.catalina.startup.HostConfig.deployDirectory Deployment of web application directory [C:\Program Files\apache-tomcat-9.0.98\webapps\host-manager] has finished in [59] ms
11-Apr-2025 21:48:19.194 INFO [main] org.apache.catalina.startup.HostConfig.deployDirectory Desplegando el directorio [C:\Program Files\apache-tomcat-9.0.98\webapps\manager] de la aplicación web
11-Apr-2025 21:48:19.238 INFO [main] org.apache.catalina.startup.HostConfig.deployDirectory Deployment of web application directory [C:\Program Files\apache-tomcat-9.0.98\webapps\manager] has finished in [44] ms
11-Apr-2025 21:48:19.239 INFO [main] org.apache.catalina.startup.HostConfig.deployDirectory Desplegando el directorio [C:\Program Files\apache-tomcat-9.0.98\webapps\ROOT] de la aplicación web
11-Apr-2025 21:48:19.267 INFO [main] org.apache.catalina.startup.HostConfig.deployDirectory Deployment of web application directory [C:\Program Files\apache-tomcat-9.0.98\webapps\ROOT] has finished in [27] ms
11-Apr-2025 21:48:19.273 INFO [main] org.apache.coyote.AbstractProtocol.start Starting ProtocolHandler ["https-openssl-nio-8080"]
11-Apr-2025 21:48:19.298 INFO [main] org.apache.catalina.startup.Catalina.start Server startup in [3246] milliseconds
11-Apr-2025 21:56:52.216 INFO [main] org.apache.catalina.startup.VersionLoggerListener.log Nombre de la versión del servidor: Apache Tomcat/9.0.98
11-Apr-2025 21:56:52.222 INFO [main] org.apache.catalina.startup.VersionLoggerListener.log Server built:                      Dec 5 2024 19:50:29 UTC
11-Apr-2025 21:56:52.222 INFO [main] org.apache.catalina.startup.VersionLoggerListener.log Número de versión de servidor:     9.0.98.0
11-Apr-2025 21:56:52.222 INFO [main] org.apache.catalina.startup.VersionLoggerListener.log OS Name:                           Windows 11
11-Apr-2025 21:56:52.222 INFO [main] org.apache.catalina.startup.VersionLoggerListener.log Versión de Systema Operativo:      10.0
11-Apr-2025 21:56:52.223 INFO [main] org.apache.catalina.startup.VersionLoggerListener.log Arquitectura:                      amd64
11-Apr-2025 21:56:52.223 INFO [main] org.apache.catalina.startup.VersionLoggerListener.log Java Home:                         C:\Program Files\Java\jdk-21
11-Apr-2025 21:56:52.223 INFO [main] org.apache.catalina.startup.VersionLoggerListener.log JVM Version:                       21.0.5+9-LTS-239
11-Apr-2025 21:56:52.223 INFO [main] org.apache.catalina.startup.VersionLoggerListener.log Vededor JVM:                       Oracle Corporation
11-Apr-2025 21:56:52.224 INFO [main] org.apache.catalina.startup.VersionLoggerListener.log CATALINA_BASE:                     C:\Program Files\apache-tomcat-9.0.98
11-Apr-2025 21:56:52.224 INFO [main] org.apache.catalina.startup.VersionLoggerListener.log CATALINA_HOME:                     C:\Program Files\apache-tomcat-9.0.98
11-Apr-2025 21:56:52.237 INFO [main] org.apache.catalina.startup.VersionLoggerListener.log Command line argument:             --add-opens=java.base/java.lang=ALL-UNNAMED
11-Apr-2025 21:56:52.237 INFO [main] org.apache.catalina.startup.VersionLoggerListener.log Command line argument:             --add-opens=java.base/java.io=ALL-UNNAMED
11-Apr-2025 21:56:52.237 INFO [main] org.apache.catalina.startup.VersionLoggerListener.log Command line argument:             --add-opens=java.base/java.util=ALL-UNNAMED
11-Apr-2025 21:56:52.238 INFO [main] org.apache.catalina.startup.VersionLoggerListener.log Command line argument:             --add-opens=java.base/java.util.concurrent=ALL-UNNAMED
11-Apr-2025 21:56:52.238 INFO [main] org.apache.catalina.startup.VersionLoggerListener.log Command line argument:             --add-opens=java.rmi/sun.rmi.transport=ALL-UNNAMED
11-Apr-2025 21:56:52.238 INFO [main] org.apache.catalina.startup.VersionLoggerListener.log Command line argument:             -Djava.util.logging.config.file=C:\Program Files\apache-tomcat-9.0.98\conf\logging.properties
11-Apr-2025 21:56:52.238 INFO [main] org.apache.catalina.startup.VersionLoggerListener.log Command line argument:             -Djava.util.logging.manager=org.apache.juli.ClassLoaderLogManager
11-Apr-2025 21:56:52.239 INFO [main] org.apache.catalina.startup.VersionLoggerListener.log Command line argument:             -Djdk.tls.ephemeralDHKeySize=2048
11-Apr-2025 21:56:52.239 INFO [main] org.apache.catalina.startup.VersionLoggerListener.log Command line argument:             -Djava.protocol.handler.pkgs=org.apache.catalina.webresources
11-Apr-2025 21:56:52.239 INFO [main] org.apache.catalina.startup.VersionLoggerListener.log Command line argument:             -Dignore.endorsed.dirs=
11-Apr-2025 21:56:52.240 INFO [main] org.apache.catalina.startup.VersionLoggerListener.log Command line argument:             -Dcatalina.base=C:\Program Files\apache-tomcat-9.0.98
11-Apr-2025 21:56:52.240 INFO [main] org.apache.catalina.startup.VersionLoggerListener.log Command line argument:             -Dcatalina.home=C:\Program Files\apache-tomcat-9.0.98
11-Apr-2025 21:56:52.240 INFO [main] org.apache.catalina.startup.VersionLoggerListener.log Command line argument:             -Djava.io.tmpdir=C:\Program Files\apache-tomcat-9.0.98\temp
11-Apr-2025 21:56:52.246 INFO [main] org.apache.catalina.core.AprLifecycleListener.lifecycleEvent Cargada la biblioteca nativa APR de Apache Tomcat [1.3.1] con la versión APR [1.7.4].
11-Apr-2025 21:56:52.246 INFO [main] org.apache.catalina.core.AprLifecycleListener.lifecycleEvent Capacidades APR: IPv6 [true], enviar fichero [true], aceptar filtros [false], aleatorio [true], UDS [true].
11-Apr-2025 21:56:52.246 INFO [main] org.apache.catalina.core.AprLifecycleListener.lifecycleEvent APR/OpenSSL configuration: useAprConnector [false], useOpenSSL [true]
11-Apr-2025 21:56:52.255 INFO [main] org.apache.catalina.core.AprLifecycleListener.initializeSSL OpenSSL inicializado correctamente [OpenSSL 3.0.14 4 Jun 2024]
11-Apr-2025 21:56:52.717 INFO [main] org.apache.coyote.AbstractProtocol.init Inicializando el manejador de protocolo ["https-openssl-nio-8080"]

11-Apr-2025 21:56:53.191 INFO [main] org.apache.tomcat.util.net.AbstractEndpoint.logCertificate Connector [https-openssl-nio-8080], TLS virtual host [_default_], certificate type [UNDEFINED] configured from keystore [C:\Users\Cris-SX\Desktop\UA\TFG\CERTIFICADOS\server.keystore] using alias [tomcat] with trust store [null]
11-Apr-2025 21:56:53.210 INFO [main] org.apache.catalina.startup.Catalina.load Server initialization in [1303] milliseconds
11-Apr-2025 21:56:53.394 INFO [main] org.apache.catalina.core.StandardService.startInternal Arrancando servicio [Catalina]
11-Apr-2025 21:56:53.395 INFO [main] org.apache.catalina.core.StandardEngine.startInternal Starting Servlet engine: [Apache Tomcat/9.0.98]
11-Apr-2025 21:56:53.438 INFO [main] org.apache.catalina.startup.HostConfig.deployWAR Despliegue del archivo [C:\Program Files\apache-tomcat-9.0.98\webapps\vital-sanity#afirma-server-triphase-signer.war] de la aplicación web
11-Apr-2025 21:56:55.588 INFO [main] org.apache.jasper.servlet.TldScanner.scanJars Al menos un JAR, que se ha explorado buscando TLDs, aún no contenía TLDs. Activar historial de depuración para este historiador para una completa lista de los JARs que fueron explorados y de los que nos se halló TLDs. Saltarse JARs no necesarios durante la exploración puede dar lugar a una mejora de tiempo significativa en el arranque y compilación de JSP .
11-Apr-2025 21:56:55.653 INFO [main] org.apache.catalina.startup.HostConfig.deployWAR Deployment of web application archive [C:\Program Files\apache-tomcat-9.0.98\webapps\vital-sanity#afirma-server-triphase-signer.war] has finished in [2.210] ms
11-Apr-2025 21:56:55.656 INFO [main] org.apache.catalina.startup.HostConfig.deployWAR Despliegue del archivo [C:\Program Files\apache-tomcat-9.0.98\webapps\vital-sanity#afirma-signature-retriever.war] de la aplicación web
11-Apr-2025 21:56:55.753 INFO [main] org.apache.catalina.startup.HostConfig.deployWAR Deployment of web application archive [C:\Program Files\apache-tomcat-9.0.98\webapps\vital-sanity#afirma-signature-retriever.war] has finished in [97] ms
11-Apr-2025 21:56:55.755 INFO [main] org.apache.catalina.startup.HostConfig.deployWAR Despliegue del archivo [C:\Program Files\apache-tomcat-9.0.98\webapps\vital-sanity#afirma-signature-storage.war] de la aplicación web
11-Apr-2025 21:56:55.830 INFO [main] org.apache.catalina.startup.HostConfig.deployWAR Deployment of web application archive [C:\Program Files\apache-tomcat-9.0.98\webapps\vital-sanity#afirma-signature-storage.war] has finished in [74] ms
11-Apr-2025 21:56:55.830 INFO [main] org.apache.catalina.startup.HostConfig.deployDirectory Desplegando el directorio [C:\Program Files\apache-tomcat-9.0.98\webapps\afirma-signature-retriever] de la aplicación web
11-Apr-2025 21:56:55.886 INFO [main] org.apache.catalina.startup.HostConfig.deployDirectory Deployment of web application directory [C:\Program Files\apache-tomcat-9.0.98\webapps\afirma-signature-retriever] has finished in [56] ms
11-Apr-2025 21:56:55.887 INFO [main] org.apache.catalina.startup.HostConfig.deployDirectory Desplegando el directorio [C:\Program Files\apache-tomcat-9.0.98\webapps\afirma-signature-storage] de la aplicación web
11-Apr-2025 21:56:55.940 INFO [main] org.apache.catalina.startup.HostConfig.deployDirectory Deployment of web application directory [C:\Program Files\apache-tomcat-9.0.98\webapps\afirma-signature-storage] has finished in [53] ms
11-Apr-2025 21:56:55.941 INFO [main] org.apache.catalina.startup.HostConfig.deployDirectory Desplegando el directorio [C:\Program Files\apache-tomcat-9.0.98\webapps\docs] de la aplicación web
11-Apr-2025 21:56:55.983 INFO [main] org.apache.catalina.startup.HostConfig.deployDirectory Deployment of web application directory [C:\Program Files\apache-tomcat-9.0.98\webapps\docs] has finished in [42] ms
11-Apr-2025 21:56:55.984 INFO [main] org.apache.catalina.startup.HostConfig.deployDirectory Desplegando el directorio [C:\Program Files\apache-tomcat-9.0.98\webapps\examples] de la aplicación web
11-Apr-2025 21:56:56.535 INFO [main] org.apache.catalina.startup.HostConfig.deployDirectory Deployment of web application directory [C:\Program Files\apache-tomcat-9.0.98\webapps\examples] has finished in [551] ms
11-Apr-2025 21:56:56.535 INFO [main] org.apache.catalina.startup.HostConfig.deployDirectory Desplegando el directorio [C:\Program Files\apache-tomcat-9.0.98\webapps\host-manager] de la aplicación web
11-Apr-2025 21:56:56.585 INFO [main] org.apache.catalina.startup.HostConfig.deployDirectory Deployment of web application directory [C:\Program Files\apache-tomcat-9.0.98\webapps\host-manager] has finished in [50] ms
11-Apr-2025 21:56:56.586 INFO [main] org.apache.catalina.startup.HostConfig.deployDirectory Desplegando el directorio [C:\Program Files\apache-tomcat-9.0.98\webapps\manager] de la aplicación web
11-Apr-2025 21:56:56.630 INFO [main] org.apache.catalina.startup.HostConfig.deployDirectory Deployment of web application directory [C:\Program Files\apache-tomcat-9.0.98\webapps\manager] has finished in [43] ms
11-Apr-2025 21:56:56.630 INFO [main] org.apache.catalina.startup.HostConfig.deployDirectory Desplegando el directorio [C:\Program Files\apache-tomcat-9.0.98\webapps\ROOT] de la aplicación web
11-Apr-2025 21:56:56.659 INFO [main] org.apache.catalina.startup.HostConfig.deployDirectory Deployment of web application directory [C:\Program Files\apache-tomcat-9.0.98\webapps\ROOT] has finished in [29] ms
11-Apr-2025 21:56:56.666 INFO [main] org.apache.coyote.AbstractProtocol.start Starting ProtocolHandler ["https-openssl-nio-8080"]
11-Apr-2025 21:56:56.692 INFO [main] org.apache.catalina.startup.Catalina.start Server startup in [3479] milliseconds
11-Apr-2025 21:58:30.604 INFO [https-openssl-nio-8080-exec-3] es.gob.afirma.signfolder.server.proxy.StorageService.service  == INICIO GUARDADO
11-Apr-2025 21:58:30.613 INFO [https-openssl-nio-8080-exec-3] es.gob.afirma.signfolder.server.proxy.StorageService.storeSign Se solicita guardar un fichero con el identificador: nJXAouSycusmW0Ua4wHj
11-Apr-2025 21:58:30.628 INFO [https-openssl-nio-8080-exec-3] es.gob.afirma.signfolder.server.proxy.StorageConfig.<clinit> Se carga el fichero de configuracion del classpath
11-Apr-2025 21:58:30.630 INFO [https-openssl-nio-8080-exec-3] es.gob.afirma.signfolder.server.proxy.StorageConfig.<clinit> No se ha indicado un direcctorio temporal, se usara el por defecto del sistema
11-Apr-2025 21:58:30.633 INFO [https-openssl-nio-8080-exec-3] es.gob.afirma.signfolder.server.proxy.StorageService.storeSign Se guardo correctamente el fichero: C:\Program Files\apache-tomcat-9.0.98\temp\nJXAouSycusmW0Ua4wHj
11-Apr-2025 21:58:30.634 INFO [https-openssl-nio-8080-exec-3] es.gob.afirma.signfolder.server.proxy.StorageService.service  == FIN GUARDADO
11-Apr-2025 21:58:32.869 INFO [https-openssl-nio-8080-exec-6] es.gob.afirma.signfolder.server.proxy.RetrieveService.service  == INICIO RECUPERACION
11-Apr-2025 21:58:32.872 INFO [https-openssl-nio-8080-exec-6] es.gob.afirma.signfolder.server.proxy.RetrieveService.retrieveSign Se solicita el fichero con el identificador: nJXAouSycusmW0Ua4wHj
11-Apr-2025 21:58:32.876 INFO [https-openssl-nio-8080-exec-6] es.gob.afirma.signfolder.server.proxy.RetrieveConfig.<clinit> Se carga el fichero de configuracion del classpath
11-Apr-2025 21:58:32.879 INFO [https-openssl-nio-8080-exec-6] es.gob.afirma.signfolder.server.proxy.RetrieveConfig.<clinit> No se ha indicado un direcctorio temporal, se usara el por defecto del sistema
11-Apr-2025 21:58:32.883 INFO [https-openssl-nio-8080-exec-6] es.gob.afirma.signfolder.server.proxy.RetrieveService.retrieveSign Se recupera el fichero: nJXAouSycusmW0Ua4wHj
11-Apr-2025 21:58:32.884 INFO [https-openssl-nio-8080-exec-6] es.gob.afirma.signfolder.server.proxy.RetrieveService.service  == FIN RECUPERACION
