27-Mar-2025 01:28:14.427 INFO [main] org.apache.catalina.startup.VersionLoggerListener.log Nombre de la versión del servidor: Apache Tomcat/9.0.98
27-Mar-2025 01:28:14.435 INFO [main] org.apache.catalina.startup.VersionLoggerListener.log Server built:                      Dec 5 2024 19:50:29 UTC
27-Mar-2025 01:28:14.437 INFO [main] org.apache.catalina.startup.VersionLoggerListener.log Número de versión de servidor:     9.0.98.0
27-Mar-2025 01:28:14.437 INFO [main] org.apache.catalina.startup.VersionLoggerListener.log OS Name:                           Windows 11
27-Mar-2025 01:28:14.437 INFO [main] org.apache.catalina.startup.VersionLoggerListener.log Versión de Systema Operativo:      10.0
27-Mar-2025 01:28:14.438 INFO [main] org.apache.catalina.startup.VersionLoggerListener.log Arquitectura:                      amd64
27-Mar-2025 01:28:14.438 INFO [main] org.apache.catalina.startup.VersionLoggerListener.log Java Home:                         C:\Program Files\Java\jdk-21
27-Mar-2025 01:28:14.438 INFO [main] org.apache.catalina.startup.VersionLoggerListener.log JVM Version:                       21.0.5+9-LTS-239
27-Mar-2025 01:28:14.438 INFO [main] org.apache.catalina.startup.VersionLoggerListener.log Vededor JVM:                       Oracle Corporation
27-Mar-2025 01:28:14.439 INFO [main] org.apache.catalina.startup.VersionLoggerListener.log CATALINA_BASE:                     C:\Program Files\apache-tomcat-9.0.98
27-Mar-2025 01:28:14.439 INFO [main] org.apache.catalina.startup.VersionLoggerListener.log CATALINA_HOME:                     C:\Program Files\apache-tomcat-9.0.98
27-Mar-2025 01:28:14.464 INFO [main] org.apache.catalina.startup.VersionLoggerListener.log Command line argument:             --add-opens=java.base/java.lang=ALL-UNNAMED
27-Mar-2025 01:28:14.464 INFO [main] org.apache.catalina.startup.VersionLoggerListener.log Command line argument:             --add-opens=java.base/java.io=ALL-UNNAMED
27-Mar-2025 01:28:14.464 INFO [main] org.apache.catalina.startup.VersionLoggerListener.log Command line argument:             --add-opens=java.base/java.util=ALL-UNNAMED
27-Mar-2025 01:28:14.464 INFO [main] org.apache.catalina.startup.VersionLoggerListener.log Command line argument:             --add-opens=java.base/java.util.concurrent=ALL-UNNAMED
27-Mar-2025 01:28:14.465 INFO [main] org.apache.catalina.startup.VersionLoggerListener.log Command line argument:             --add-opens=java.rmi/sun.rmi.transport=ALL-UNNAMED
27-Mar-2025 01:28:14.465 INFO [main] org.apache.catalina.startup.VersionLoggerListener.log Command line argument:             -Djava.util.logging.config.file=C:\Program Files\apache-tomcat-9.0.98\conf\logging.properties
27-Mar-2025 01:28:14.465 INFO [main] org.apache.catalina.startup.VersionLoggerListener.log Command line argument:             -Djava.util.logging.manager=org.apache.juli.ClassLoaderLogManager
27-Mar-2025 01:28:14.467 INFO [main] org.apache.catalina.startup.VersionLoggerListener.log Command line argument:             -Djdk.tls.ephemeralDHKeySize=2048
27-Mar-2025 01:28:14.467 INFO [main] org.apache.catalina.startup.VersionLoggerListener.log Command line argument:             -Djava.protocol.handler.pkgs=org.apache.catalina.webresources
27-Mar-2025 01:28:14.467 INFO [main] org.apache.catalina.startup.VersionLoggerListener.log Command line argument:             -Dignore.endorsed.dirs=
27-Mar-2025 01:28:14.468 INFO [main] org.apache.catalina.startup.VersionLoggerListener.log Command line argument:             -Dcatalina.base=C:\Program Files\apache-tomcat-9.0.98
27-Mar-2025 01:28:14.468 INFO [main] org.apache.catalina.startup.VersionLoggerListener.log Command line argument:             -Dcatalina.home=C:\Program Files\apache-tomcat-9.0.98
27-Mar-2025 01:28:14.468 INFO [main] org.apache.catalina.startup.VersionLoggerListener.log Command line argument:             -Djava.io.tmpdir=C:\Program Files\apache-tomcat-9.0.98\temp
27-Mar-2025 01:28:14.477 INFO [main] org.apache.catalina.core.AprLifecycleListener.lifecycleEvent Cargada la biblioteca nativa APR de Apache Tomcat [1.3.1] con la versión APR [1.7.4].
27-Mar-2025 01:28:14.477 INFO [main] org.apache.catalina.core.AprLifecycleListener.lifecycleEvent Capacidades APR: IPv6 [true], enviar fichero [true], aceptar filtros [false], aleatorio [true], UDS [true].
27-Mar-2025 01:28:14.478 INFO [main] org.apache.catalina.core.AprLifecycleListener.lifecycleEvent APR/OpenSSL configuration: useAprConnector [false], useOpenSSL [true]
27-Mar-2025 01:28:14.504 INFO [main] org.apache.catalina.core.AprLifecycleListener.initializeSSL OpenSSL inicializado correctamente [OpenSSL 3.0.14 4 Jun 2024]
27-Mar-2025 01:28:15.095 INFO [main] org.apache.coyote.AbstractProtocol.init Inicializando el manejador de protocolo ["https-openssl-nio-8080"]

27-Mar-2025 01:28:15.485 INFO [main] org.apache.tomcat.util.net.AbstractEndpoint.logCertificate Connector [https-openssl-nio-8080], TLS virtual host [_default_], certificate type [UNDEFINED] configured from keystore [C:\Users\Cris-SX\Desktop\UA\TFG\CERTIFICADOS\server.keystore] using alias [tomcat] with trust store [null]
27-Mar-2025 01:28:15.497 INFO [main] org.apache.catalina.startup.Catalina.load Server initialization in [1416] milliseconds
27-Mar-2025 01:28:15.576 INFO [main] org.apache.catalina.core.StandardService.startInternal Arrancando servicio [Catalina]
27-Mar-2025 01:28:15.577 INFO [main] org.apache.catalina.core.StandardEngine.startInternal Starting Servlet engine: [Apache Tomcat/9.0.98]
27-Mar-2025 01:28:15.602 INFO [main] org.apache.catalina.startup.HostConfig.deployWAR Despliegue del archivo [C:\Program Files\apache-tomcat-9.0.98\webapps\vital-sanity#afirma-server-triphase-signer.war] de la aplicación web
27-Mar-2025 01:28:17.907 INFO [main] org.apache.jasper.servlet.TldScanner.scanJars Al menos un JAR, que se ha explorado buscando TLDs, aún no contenía TLDs. Activar historial de depuración para este historiador para una completa lista de los JARs que fueron explorados y de los que nos se halló TLDs. Saltarse JARs no necesarios durante la exploración puede dar lugar a una mejora de tiempo significativa en el arranque y compilación de JSP .
27-Mar-2025 01:28:17.999 INFO [main] org.apache.catalina.startup.HostConfig.deployWAR Deployment of web application archive [C:\Program Files\apache-tomcat-9.0.98\webapps\vital-sanity#afirma-server-triphase-signer.war] has finished in [2.390] ms
27-Mar-2025 01:28:18.001 INFO [main] org.apache.catalina.startup.HostConfig.deployWAR Despliegue del archivo [C:\Program Files\apache-tomcat-9.0.98\webapps\vital-sanity#afirma-signature-retriever.war] de la aplicación web
27-Mar-2025 01:28:18.085 INFO [main] org.apache.catalina.startup.HostConfig.deployWAR Deployment of web application archive [C:\Program Files\apache-tomcat-9.0.98\webapps\vital-sanity#afirma-signature-retriever.war] has finished in [83] ms
27-Mar-2025 01:28:18.088 INFO [main] org.apache.catalina.startup.HostConfig.deployWAR Despliegue del archivo [C:\Program Files\apache-tomcat-9.0.98\webapps\vital-sanity#afirma-signature-storage.war] de la aplicación web
27-Mar-2025 01:28:18.190 INFO [main] org.apache.catalina.startup.HostConfig.deployWAR Deployment of web application archive [C:\Program Files\apache-tomcat-9.0.98\webapps\vital-sanity#afirma-signature-storage.war] has finished in [102] ms
27-Mar-2025 01:28:18.192 INFO [main] org.apache.catalina.startup.HostConfig.deployDirectory Desplegando el directorio [C:\Program Files\apache-tomcat-9.0.98\webapps\afirma-signature-retriever] de la aplicación web
27-Mar-2025 01:28:18.267 INFO [main] org.apache.catalina.startup.HostConfig.deployDirectory Deployment of web application directory [C:\Program Files\apache-tomcat-9.0.98\webapps\afirma-signature-retriever] has finished in [75] ms
27-Mar-2025 01:28:18.267 INFO [main] org.apache.catalina.startup.HostConfig.deployDirectory Desplegando el directorio [C:\Program Files\apache-tomcat-9.0.98\webapps\afirma-signature-storage] de la aplicación web
27-Mar-2025 01:28:18.335 INFO [main] org.apache.catalina.startup.HostConfig.deployDirectory Deployment of web application directory [C:\Program Files\apache-tomcat-9.0.98\webapps\afirma-signature-storage] has finished in [67] ms
27-Mar-2025 01:28:18.336 INFO [main] org.apache.catalina.startup.HostConfig.deployDirectory Desplegando el directorio [C:\Program Files\apache-tomcat-9.0.98\webapps\docs] de la aplicación web
27-Mar-2025 01:28:18.379 INFO [main] org.apache.catalina.startup.HostConfig.deployDirectory Deployment of web application directory [C:\Program Files\apache-tomcat-9.0.98\webapps\docs] has finished in [42] ms
27-Mar-2025 01:28:18.379 INFO [main] org.apache.catalina.startup.HostConfig.deployDirectory Desplegando el directorio [C:\Program Files\apache-tomcat-9.0.98\webapps\examples] de la aplicación web
27-Mar-2025 01:28:18.988 INFO [main] org.apache.catalina.startup.HostConfig.deployDirectory Deployment of web application directory [C:\Program Files\apache-tomcat-9.0.98\webapps\examples] has finished in [608] ms
27-Mar-2025 01:28:18.988 INFO [main] org.apache.catalina.startup.HostConfig.deployDirectory Desplegando el directorio [C:\Program Files\apache-tomcat-9.0.98\webapps\host-manager] de la aplicación web
27-Mar-2025 01:28:19.041 INFO [main] org.apache.catalina.startup.HostConfig.deployDirectory Deployment of web application directory [C:\Program Files\apache-tomcat-9.0.98\webapps\host-manager] has finished in [53] ms
27-Mar-2025 01:28:19.041 INFO [main] org.apache.catalina.startup.HostConfig.deployDirectory Desplegando el directorio [C:\Program Files\apache-tomcat-9.0.98\webapps\manager] de la aplicación web
27-Mar-2025 01:28:19.093 INFO [main] org.apache.catalina.startup.HostConfig.deployDirectory Deployment of web application directory [C:\Program Files\apache-tomcat-9.0.98\webapps\manager] has finished in [51] ms
27-Mar-2025 01:28:19.093 INFO [main] org.apache.catalina.startup.HostConfig.deployDirectory Desplegando el directorio [C:\Program Files\apache-tomcat-9.0.98\webapps\ROOT] de la aplicación web
27-Mar-2025 01:28:19.133 INFO [main] org.apache.catalina.startup.HostConfig.deployDirectory Deployment of web application directory [C:\Program Files\apache-tomcat-9.0.98\webapps\ROOT] has finished in [40] ms
27-Mar-2025 01:28:19.141 INFO [main] org.apache.coyote.AbstractProtocol.start Starting ProtocolHandler ["https-openssl-nio-8080"]
27-Mar-2025 01:28:19.180 INFO [main] org.apache.catalina.startup.Catalina.start Server startup in [3681] milliseconds
27-Mar-2025 02:24:10.474 INFO [https-openssl-nio-8080-exec-3] es.gob.afirma.signfolder.server.proxy.StorageService.service  == INICIO GUARDADO
27-Mar-2025 02:24:10.490 INFO [https-openssl-nio-8080-exec-3] es.gob.afirma.signfolder.server.proxy.StorageService.storeSign Se solicita guardar un fichero con el identificador: XINss91x9KKulT8SlY76
27-Mar-2025 02:24:10.505 INFO [https-openssl-nio-8080-exec-3] es.gob.afirma.signfolder.server.proxy.StorageConfig.<clinit> Se carga el fichero de configuracion del classpath
27-Mar-2025 02:24:10.509 INFO [https-openssl-nio-8080-exec-3] es.gob.afirma.signfolder.server.proxy.StorageConfig.<clinit> No se ha indicado un direcctorio temporal, se usara el por defecto del sistema
27-Mar-2025 02:24:10.512 INFO [https-openssl-nio-8080-exec-3] es.gob.afirma.signfolder.server.proxy.StorageService.storeSign Se guardo correctamente el fichero: C:\Program Files\apache-tomcat-9.0.98\temp\XINss91x9KKulT8SlY76
27-Mar-2025 02:24:10.514 INFO [https-openssl-nio-8080-exec-3] es.gob.afirma.signfolder.server.proxy.StorageService.service  == FIN GUARDADO
27-Mar-2025 02:24:12.161 INFO [https-openssl-nio-8080-exec-6] es.gob.afirma.signfolder.server.proxy.RetrieveService.service  == INICIO RECUPERACION
27-Mar-2025 02:24:12.167 INFO [https-openssl-nio-8080-exec-6] es.gob.afirma.signfolder.server.proxy.RetrieveService.retrieveSign Se solicita el fichero con el identificador: XINss91x9KKulT8SlY76
27-Mar-2025 02:24:12.177 INFO [https-openssl-nio-8080-exec-6] es.gob.afirma.signfolder.server.proxy.RetrieveConfig.<clinit> Se carga el fichero de configuracion del classpath
27-Mar-2025 02:24:12.181 INFO [https-openssl-nio-8080-exec-6] es.gob.afirma.signfolder.server.proxy.RetrieveConfig.<clinit> No se ha indicado un direcctorio temporal, se usara el por defecto del sistema
27-Mar-2025 02:24:12.193 INFO [https-openssl-nio-8080-exec-6] es.gob.afirma.signfolder.server.proxy.RetrieveService.retrieveSign Se recupera el fichero: XINss91x9KKulT8SlY76
27-Mar-2025 02:24:12.194 INFO [https-openssl-nio-8080-exec-6] es.gob.afirma.signfolder.server.proxy.RetrieveService.service  == FIN RECUPERACION
27-Mar-2025 02:24:17.026 INFO [https-openssl-nio-8080-exec-9] es.gob.afirma.signfolder.server.proxy.StorageService.service  == INICIO GUARDADO
27-Mar-2025 02:24:17.028 INFO [https-openssl-nio-8080-exec-9] es.gob.afirma.signfolder.server.proxy.StorageService.storeSign Se solicita guardar un fichero con el identificador: aBS0fODbzaZ6YjUAOlOf
27-Mar-2025 02:24:17.032 INFO [https-openssl-nio-8080-exec-9] es.gob.afirma.signfolder.server.proxy.StorageService.storeSign Se guardo correctamente el fichero: C:\Program Files\apache-tomcat-9.0.98\temp\aBS0fODbzaZ6YjUAOlOf
27-Mar-2025 02:24:17.034 INFO [https-openssl-nio-8080-exec-9] es.gob.afirma.signfolder.server.proxy.StorageService.service  == FIN GUARDADO
27-Mar-2025 02:24:17.227 INFO [https-openssl-nio-8080-exec-2] es.gob.afirma.signfolder.server.proxy.RetrieveService.service  == INICIO RECUPERACION
27-Mar-2025 02:24:17.228 INFO [https-openssl-nio-8080-exec-2] es.gob.afirma.signfolder.server.proxy.RetrieveService.retrieveSign Se solicita el fichero con el identificador: aBS0fODbzaZ6YjUAOlOf
27-Mar-2025 02:24:17.233 INFO [https-openssl-nio-8080-exec-2] es.gob.afirma.signfolder.server.proxy.RetrieveService.retrieveSign Se recupera el fichero: aBS0fODbzaZ6YjUAOlOf
27-Mar-2025 02:24:17.234 INFO [https-openssl-nio-8080-exec-2] es.gob.afirma.signfolder.server.proxy.RetrieveService.service  == FIN RECUPERACION
27-Mar-2025 02:24:18.982 INFO [https-openssl-nio-8080-exec-5] es.gob.afirma.signfolder.server.proxy.StorageService.service  == INICIO GUARDADO
27-Mar-2025 02:24:18.991 INFO [https-openssl-nio-8080-exec-5] es.gob.afirma.signfolder.server.proxy.StorageService.storeSign Se solicita guardar un fichero con el identificador: ijcAIrBoKPQKnZaRw34E
27-Mar-2025 02:24:19.000 INFO [https-openssl-nio-8080-exec-5] es.gob.afirma.signfolder.server.proxy.StorageService.storeSign Se guardo correctamente el fichero: C:\Program Files\apache-tomcat-9.0.98\temp\ijcAIrBoKPQKnZaRw34E
27-Mar-2025 02:24:19.002 INFO [https-openssl-nio-8080-exec-5] es.gob.afirma.signfolder.server.proxy.StorageService.service  == FIN GUARDADO
27-Mar-2025 02:24:21.063 INFO [https-openssl-nio-8080-exec-8] es.gob.afirma.signfolder.server.proxy.RetrieveService.service  == INICIO RECUPERACION
27-Mar-2025 02:24:21.064 INFO [https-openssl-nio-8080-exec-8] es.gob.afirma.signfolder.server.proxy.RetrieveService.retrieveSign Se solicita el fichero con el identificador: ijcAIrBoKPQKnZaRw34E
27-Mar-2025 02:24:21.071 INFO [https-openssl-nio-8080-exec-8] es.gob.afirma.signfolder.server.proxy.RetrieveService.retrieveSign Se recupera el fichero: ijcAIrBoKPQKnZaRw34E
27-Mar-2025 02:24:21.073 INFO [https-openssl-nio-8080-exec-8] es.gob.afirma.signfolder.server.proxy.RetrieveService.service  == FIN RECUPERACION
27-Mar-2025 09:16:19.460 INFO [https-openssl-nio-8080-exec-1] es.gob.afirma.signfolder.server.proxy.RetrieveService.service  == INICIO RECUPERACION
27-Mar-2025 09:16:19.470 INFO [https-openssl-nio-8080-exec-1] es.gob.afirma.signfolder.server.proxy.RetrieveService.retrieveSign Se solicita el fichero con el identificador: 18IjykNpsWEhK7sXsnZU
27-Mar-2025 09:16:19.478 WARNING [https-openssl-nio-8080-exec-1] es.gob.afirma.signfolder.server.proxy.RetrieveService.retrieveSign El fichero con el identificador '18IjykNpsWEhK7sXsnZU' no existe: C:\Program Files\apache-tomcat-9.0.98\temp\18IjykNpsWEhK7sXsnZU
27-Mar-2025 09:16:19.496 INFO [https-openssl-nio-8080-exec-1] es.gob.afirma.signfolder.server.proxy.RetrieveService.service  == FIN RECUPERACION
27-Mar-2025 09:16:20.170 INFO [https-openssl-nio-8080-exec-4] es.gob.afirma.signfolder.server.proxy.StorageService.service  == INICIO GUARDADO
27-Mar-2025 09:16:20.174 INFO [https-openssl-nio-8080-exec-4] es.gob.afirma.signfolder.server.proxy.StorageService.storeSign Se solicita guardar un fichero con el identificador: 18IjykNpsWEhK7sXsnZU
27-Mar-2025 09:16:20.179 INFO [https-openssl-nio-8080-exec-4] es.gob.afirma.signfolder.server.proxy.StorageService.storeSign Se guardo correctamente el fichero: C:\Program Files\apache-tomcat-9.0.98\temp\18IjykNpsWEhK7sXsnZU
27-Mar-2025 09:16:20.180 INFO [https-openssl-nio-8080-exec-4] es.gob.afirma.signfolder.server.proxy.StorageService.service  == FIN GUARDADO
27-Mar-2025 09:16:23.588 INFO [https-openssl-nio-8080-exec-7] es.gob.afirma.signfolder.server.proxy.RetrieveService.service  == INICIO RECUPERACION
27-Mar-2025 09:16:23.592 INFO [https-openssl-nio-8080-exec-7] es.gob.afirma.signfolder.server.proxy.RetrieveService.retrieveSign Se solicita el fichero con el identificador: 18IjykNpsWEhK7sXsnZU
27-Mar-2025 09:16:23.601 INFO [https-openssl-nio-8080-exec-7] es.gob.afirma.signfolder.server.proxy.RetrieveService.retrieveSign Se recupera el fichero: 18IjykNpsWEhK7sXsnZU
27-Mar-2025 09:16:23.604 INFO [https-openssl-nio-8080-exec-7] es.gob.afirma.signfolder.server.proxy.RetrieveService.service  == FIN RECUPERACION
27-Mar-2025 09:16:29.006 INFO [https-openssl-nio-8080-exec-10] es.gob.afirma.signfolder.server.proxy.StorageService.service  == INICIO GUARDADO
27-Mar-2025 09:16:29.008 INFO [https-openssl-nio-8080-exec-10] es.gob.afirma.signfolder.server.proxy.StorageService.storeSign Se solicita guardar un fichero con el identificador: c0IF9xO18W6UWScQLroU
27-Mar-2025 09:16:29.010 INFO [https-openssl-nio-8080-exec-10] es.gob.afirma.signfolder.server.proxy.StorageService.storeSign Se guardo correctamente el fichero: C:\Program Files\apache-tomcat-9.0.98\temp\c0IF9xO18W6UWScQLroU
27-Mar-2025 09:16:29.011 INFO [https-openssl-nio-8080-exec-10] es.gob.afirma.signfolder.server.proxy.StorageService.service  == FIN GUARDADO
27-Mar-2025 09:16:29.272 INFO [https-openssl-nio-8080-exec-3] es.gob.afirma.signfolder.server.proxy.RetrieveService.service  == INICIO RECUPERACION
27-Mar-2025 09:16:29.272 INFO [https-openssl-nio-8080-exec-3] es.gob.afirma.signfolder.server.proxy.RetrieveService.retrieveSign Se solicita el fichero con el identificador: c0IF9xO18W6UWScQLroU
27-Mar-2025 09:16:29.276 INFO [https-openssl-nio-8080-exec-3] es.gob.afirma.signfolder.server.proxy.RetrieveService.retrieveSign Se recupera el fichero: c0IF9xO18W6UWScQLroU
27-Mar-2025 09:16:29.277 INFO [https-openssl-nio-8080-exec-3] es.gob.afirma.signfolder.server.proxy.RetrieveService.service  == FIN RECUPERACION
27-Mar-2025 09:16:32.003 INFO [https-openssl-nio-8080-exec-6] es.gob.afirma.signfolder.server.proxy.StorageService.service  == INICIO GUARDADO
27-Mar-2025 09:16:32.032 INFO [https-openssl-nio-8080-exec-6] es.gob.afirma.signfolder.server.proxy.StorageService.storeSign Se solicita guardar un fichero con el identificador: rGFDc34XDppSYDWqAAMJ
27-Mar-2025 09:16:32.037 INFO [https-openssl-nio-8080-exec-6] es.gob.afirma.signfolder.server.proxy.StorageService.storeSign Se guardo correctamente el fichero: C:\Program Files\apache-tomcat-9.0.98\temp\rGFDc34XDppSYDWqAAMJ
27-Mar-2025 09:16:32.038 INFO [https-openssl-nio-8080-exec-6] es.gob.afirma.signfolder.server.proxy.StorageService.service  == FIN GUARDADO
27-Mar-2025 09:16:33.071 INFO [https-openssl-nio-8080-exec-9] es.gob.afirma.signfolder.server.proxy.RetrieveService.service  == INICIO RECUPERACION
27-Mar-2025 09:16:33.072 INFO [https-openssl-nio-8080-exec-9] es.gob.afirma.signfolder.server.proxy.RetrieveService.retrieveSign Se solicita el fichero con el identificador: rGFDc34XDppSYDWqAAMJ
27-Mar-2025 09:16:33.076 INFO [https-openssl-nio-8080-exec-9] es.gob.afirma.signfolder.server.proxy.RetrieveService.retrieveSign Se recupera el fichero: rGFDc34XDppSYDWqAAMJ
27-Mar-2025 09:16:33.077 INFO [https-openssl-nio-8080-exec-9] es.gob.afirma.signfolder.server.proxy.RetrieveService.service  == FIN RECUPERACION
