28-Jan-2025 18:43:53.493 INFO [main] org.apache.catalina.startup.VersionLoggerListener.log Nombre de la versión del servidor: Apache Tomcat/9.0.98
28-Jan-2025 18:43:53.499 INFO [main] org.apache.catalina.startup.VersionLoggerListener.log Server built:                      Dec 5 2024 19:50:29 UTC
28-Jan-2025 18:43:53.499 INFO [main] org.apache.catalina.startup.VersionLoggerListener.log Número de versión de servidor:     9.0.98.0
28-Jan-2025 18:43:53.500 INFO [main] org.apache.catalina.startup.VersionLoggerListener.log OS Name:                           Windows 11
28-Jan-2025 18:43:53.500 INFO [main] org.apache.catalina.startup.VersionLoggerListener.log Versión de Systema Operativo:      10.0
28-Jan-2025 18:43:53.500 INFO [main] org.apache.catalina.startup.VersionLoggerListener.log Arquitectura:                      amd64
28-Jan-2025 18:43:53.501 INFO [main] org.apache.catalina.startup.VersionLoggerListener.log Java Home:                         C:\Program Files\Java\jdk-21
28-Jan-2025 18:43:53.501 INFO [main] org.apache.catalina.startup.VersionLoggerListener.log JVM Version:                       21.0.5+9-LTS-239
28-Jan-2025 18:43:53.501 INFO [main] org.apache.catalina.startup.VersionLoggerListener.log Vededor JVM:                       Oracle Corporation
28-Jan-2025 18:43:53.501 INFO [main] org.apache.catalina.startup.VersionLoggerListener.log CATALINA_BASE:                     C:\Program Files\apache-tomcat-9.0.98
28-Jan-2025 18:43:53.501 INFO [main] org.apache.catalina.startup.VersionLoggerListener.log CATALINA_HOME:                     C:\Program Files\apache-tomcat-9.0.98
28-Jan-2025 18:43:53.515 INFO [main] org.apache.catalina.startup.VersionLoggerListener.log Command line argument:             --add-opens=java.base/java.lang=ALL-UNNAMED
28-Jan-2025 18:43:53.515 INFO [main] org.apache.catalina.startup.VersionLoggerListener.log Command line argument:             --add-opens=java.base/java.io=ALL-UNNAMED
28-Jan-2025 18:43:53.515 INFO [main] org.apache.catalina.startup.VersionLoggerListener.log Command line argument:             --add-opens=java.base/java.util=ALL-UNNAMED
28-Jan-2025 18:43:53.515 INFO [main] org.apache.catalina.startup.VersionLoggerListener.log Command line argument:             --add-opens=java.base/java.util.concurrent=ALL-UNNAMED
28-Jan-2025 18:43:53.515 INFO [main] org.apache.catalina.startup.VersionLoggerListener.log Command line argument:             --add-opens=java.rmi/sun.rmi.transport=ALL-UNNAMED
28-Jan-2025 18:43:53.515 INFO [main] org.apache.catalina.startup.VersionLoggerListener.log Command line argument:             -Djava.util.logging.config.file=C:\Program Files\apache-tomcat-9.0.98\conf\logging.properties
28-Jan-2025 18:43:53.517 INFO [main] org.apache.catalina.startup.VersionLoggerListener.log Command line argument:             -Djava.util.logging.manager=org.apache.juli.ClassLoaderLogManager
28-Jan-2025 18:43:53.517 INFO [main] org.apache.catalina.startup.VersionLoggerListener.log Command line argument:             -Djdk.tls.ephemeralDHKeySize=2048
28-Jan-2025 18:43:53.517 INFO [main] org.apache.catalina.startup.VersionLoggerListener.log Command line argument:             -Djava.protocol.handler.pkgs=org.apache.catalina.webresources
28-Jan-2025 18:43:53.517 INFO [main] org.apache.catalina.startup.VersionLoggerListener.log Command line argument:             -Dignore.endorsed.dirs=
28-Jan-2025 18:43:53.518 INFO [main] org.apache.catalina.startup.VersionLoggerListener.log Command line argument:             -Dcatalina.base=C:\Program Files\apache-tomcat-9.0.98
28-Jan-2025 18:43:53.518 INFO [main] org.apache.catalina.startup.VersionLoggerListener.log Command line argument:             -Dcatalina.home=C:\Program Files\apache-tomcat-9.0.98
28-Jan-2025 18:43:53.518 INFO [main] org.apache.catalina.startup.VersionLoggerListener.log Command line argument:             -Djava.io.tmpdir=C:\Program Files\apache-tomcat-9.0.98\temp
28-Jan-2025 18:43:53.581 INFO [main] org.apache.catalina.core.AprLifecycleListener.lifecycleEvent Cargada la biblioteca nativa APR de Apache Tomcat [1.3.1] con la versión APR [1.7.4].
28-Jan-2025 18:43:53.581 INFO [main] org.apache.catalina.core.AprLifecycleListener.lifecycleEvent Capacidades APR: IPv6 [true], enviar fichero [true], aceptar filtros [false], aleatorio [true], UDS [true].
28-Jan-2025 18:43:53.582 INFO [main] org.apache.catalina.core.AprLifecycleListener.lifecycleEvent APR/OpenSSL configuration: useAprConnector [false], useOpenSSL [true]
28-Jan-2025 18:43:53.592 INFO [main] org.apache.catalina.core.AprLifecycleListener.initializeSSL OpenSSL inicializado correctamente [OpenSSL 3.0.14 4 Jun 2024]
28-Jan-2025 18:43:54.055 INFO [main] org.apache.coyote.AbstractProtocol.init Inicializando el manejador de protocolo ["http-nio-8080"]

28-Jan-2025 18:43:54.103 INFO [main] org.apache.catalina.startup.Catalina.load Server initialization in [951] milliseconds
28-Jan-2025 18:43:54.209 INFO [main] org.apache.catalina.core.StandardService.startInternal Arrancando servicio [Catalina]
28-Jan-2025 18:43:54.209 INFO [main] org.apache.catalina.core.StandardEngine.startInternal Starting Servlet engine: [Apache Tomcat/9.0.98]
28-Jan-2025 18:43:54.224 INFO [main] org.apache.catalina.startup.HostConfig.deployDirectory Desplegando el directorio [C:\Program Files\apache-tomcat-9.0.98\webapps\docs] de la aplicación web
28-Jan-2025 18:43:54.687 INFO [main] org.apache.catalina.startup.HostConfig.deployDirectory Deployment of web application directory [C:\Program Files\apache-tomcat-9.0.98\webapps\docs] has finished in [460] ms
28-Jan-2025 18:43:54.688 INFO [main] org.apache.catalina.startup.HostConfig.deployDirectory Desplegando el directorio [C:\Program Files\apache-tomcat-9.0.98\webapps\examples] de la aplicación web
28-Jan-2025 18:43:55.313 INFO [main] org.apache.catalina.startup.HostConfig.deployDirectory Deployment of web application directory [C:\Program Files\apache-tomcat-9.0.98\webapps\examples] has finished in [625] ms
28-Jan-2025 18:43:55.315 INFO [main] org.apache.catalina.startup.HostConfig.deployDirectory Desplegando el directorio [C:\Program Files\apache-tomcat-9.0.98\webapps\host-manager] de la aplicación web
28-Jan-2025 18:43:55.381 INFO [main] org.apache.catalina.startup.HostConfig.deployDirectory Deployment of web application directory [C:\Program Files\apache-tomcat-9.0.98\webapps\host-manager] has finished in [65] ms
28-Jan-2025 18:43:55.381 INFO [main] org.apache.catalina.startup.HostConfig.deployDirectory Desplegando el directorio [C:\Program Files\apache-tomcat-9.0.98\webapps\manager] de la aplicación web
28-Jan-2025 18:43:55.431 INFO [main] org.apache.catalina.startup.HostConfig.deployDirectory Deployment of web application directory [C:\Program Files\apache-tomcat-9.0.98\webapps\manager] has finished in [49] ms
28-Jan-2025 18:43:55.431 INFO [main] org.apache.catalina.startup.HostConfig.deployDirectory Desplegando el directorio [C:\Program Files\apache-tomcat-9.0.98\webapps\ROOT] de la aplicación web
28-Jan-2025 18:43:55.495 INFO [main] org.apache.catalina.startup.HostConfig.deployDirectory Deployment of web application directory [C:\Program Files\apache-tomcat-9.0.98\webapps\ROOT] has finished in [64] ms
28-Jan-2025 18:43:55.501 INFO [main] org.apache.coyote.AbstractProtocol.start Starting ProtocolHandler ["http-nio-8080"]
28-Jan-2025 18:43:55.537 INFO [main] org.apache.catalina.startup.Catalina.start Server startup in [1429] milliseconds
28-Jan-2025 18:45:55.674 INFO [Catalina-utility-1] org.apache.catalina.startup.HostConfig.deployWAR Despliegue del archivo [C:\Program Files\apache-tomcat-9.0.98\webapps\afirma-signature-retriever.war] de la aplicación web
28-Jan-2025 18:45:55.816 INFO [Catalina-utility-1] org.apache.catalina.startup.HostConfig.deployWAR Deployment of web application archive [C:\Program Files\apache-tomcat-9.0.98\webapps\afirma-signature-retriever.war] has finished in [142] ms
28-Jan-2025 18:45:55.819 INFO [Catalina-utility-1] org.apache.catalina.startup.HostConfig.deployWAR Despliegue del archivo [C:\Program Files\apache-tomcat-9.0.98\webapps\afirma-signature-storage.war] de la aplicación web
28-Jan-2025 18:45:55.948 INFO [Catalina-utility-1] org.apache.catalina.startup.HostConfig.deployWAR Deployment of web application archive [C:\Program Files\apache-tomcat-9.0.98\webapps\afirma-signature-storage.war] has finished in [129] ms
